// Jest Snapshot v1, https://goo.gl/fbAQLP

exports[`Datepicker component matches snapshot 1`] = `
<DocumentFragment>
  <div
    class="datepicker"
  >
    <input
      aria-expanded="false"
      aria-haspopup="grid"
      autocomplete="off"
      class="datepicker__input"
      placeholder="Please select a date"
      readonly=""
      tabindex="0"
      type="text"
      value=""
    />
  </div>
</DocumentFragment>
`;
